Running nvme/009
disconnected 1 controller(s)
Test complete
