Running nvme/011
disconnected 1 controller(s)
Test complete
