Running nvme/013
disconnected 1 controller(s)
Test complete
