Running nvme/015
NVMe Flush: success
disconnected 1 controller(s)
Test complete
