Running nvme/020
NVMe DSM: success
disconnected 1 controller(s)
Test complete
